./gradlew : 
At line:1 char:1
+ ./gradlew classes > 
build_output.log 2>&1
+ ~~~~~~~~~~~~~~~~~~~~~~~~~~~
~~~~~~~~~~~~~~
    + CategoryInfo           
   : NotSpecified: (:String  
  ) [], RemoteException
    + FullyQualifiedErrorId  
   : NativeCommandError
 
FAILURE: Build failed with 
an exception.

* What went wrong:
Could not determine the 
dependencies of task 
':compileJava'.
> Could not resolve all 
dependencies for 
configuration 
':compileClasspath'.
   > Failed to calculate the 
value of task ':compileJava' 
property 'javaCompiler'.
      > Cannot find a Java 
installation on your machine 
(Windows 11 10.0 amd64) 
matching: 
{languageVersion=21, 
vendor=any vendor, implementa
tion=vendor-specific, 
nativeImageCapable=false}. 
Toolchain download 
repositories have not been 
configured.

* Try:
> Learn more about toolchain 
auto-detection and 
auto-provisioning at https://
docs.gradle.org/9.4.0/usergui
de/toolchains.html#sec:auto_d
etection.
> Learn more about toolchain 
repositories at https://docs.
gradle.org/9.4.0/userguide/to
olchains.html#sub:download_re
positories.
> Run with --stacktrace 
option to get the stack 
trace.
> Run with --info or --debug 
option to get more log 
output.
> Run with --scan to get 
full insights from a Build 
Scan (powered by Develocity).
> Get more help at 
https://help.gradle.org.

BUILD FAILED in 2s
